Parsed successfully
Cast expression parsed successfully
Nested cast expression parsed successfully
Escaped char literal parsed successfully
Prefixed char literal parsed successfully
Sized type specifier parsed successfully
sizeof expression parsed successfully
sizeof type parsed successfully
do while parsed successfully
