C_inherits_guard: ∀'a. (t(<myclass, ...> & 'a) -> <myclass, ...> & 'a) & (t('a & (<~myclass, ...> | p(chr))) -> null)

C_inherits_ternary: ∀'a. (t(<myclass, ...> & 'a) -> <myclass, ...> & 'a) & (t('a & (<~myclass, ...> | p(chr))) -> null)

C_inherits_fixed: t(sym) -> null | <myclass, ...>

C_inherits_not_guard: ∀'a. (t(<myclass, ...> & 'a) -> <myclass, ...> & 'a) & (t('a & (<~myclass, ...> | p(chr))) -> null)

C_inherits_not_ternary: ∀'a. (t(<myclass, ...> & 'a) -> <myclass, ...> & 'a) & (t('a & (<~myclass, ...> | p(chr))) -> null)

