Not supported yet: top level item
Prep_incl (
  (
    "#include"
    System_lib_str "<Rinternals.h>"
    "\n"
  )
)
r_plus_scalar_real: (dbl, dbl) -> dbl1

make_int_or_float: ((c_true) -> int1) & ((c(..-1) | c(2..) | c_na) | (c_false) -> int)

incr_real: (dbl1) -> dbl1

test_int_or_real: ((dbl) -> c_false) & ((~(dbl | int)) -> ()) & ((int) -> c_true)

test_isInt: ((int) -> c_true) & ((~int) -> c_false)

test_isInt2: ((int) -> c_true) & ((~int) -> c_false)

r_plus_scalar_strict: ((int, int) -> int1) & ((dbl, dbl) -> dbl1)

r_plus_scalar: ((int, int) -> int1) & ((int, dbl) | (dbl, int) | (dbl, dbl) -> dbl1)

r_plus_all: ((int1, int1) -> int1) & ((int, int) -> int) & ((int1, dbl1) | (dbl1, int1) | (dbl1, dbl1) -> dbl1) & ((int, dbl) | (dbl, int) | (dbl, dbl) -> dbl)

R_integer_plus: (c_int_na, c(1..), *c_bool) | (c_int_na, c_false | c_na, *c_bool) | (c_int_na, c(..-1), *c_bool) -> c_int_na

