assign: (*c_double -> ())<...>

assign_in_array: ((*(*c_double) -> ()) & (c_null -> empty))<...>

assign_in_struct: ((*{ C : *(*c_double) ; n : c_int_na } -> ()) & (*{ C : c_null ; n : c_int_na } -> empty))<...>

assign_n: (c_int_na -> *{ C : *(*c_double) ; n : c_int_na })<...>

star_return: ∀'a,'b. ((*(c_int_na & 'b) & 'a, c_int_na) -> *(c_int_na & 'b) & 'a)<...>

star_then_read: ∀'a. ((*(c_int_na & 'a), c_int_na) -> 'a)<...>

star_void: ((*c_int_na, c_int_na) -> ())<...>

star_two_writes: ((*c_int_na, c_int_na, c_int_na) -> ())<...>

