Rf_xlength: ∀'a. (p(chr) -> c_int) & (vec[int(i(int & 'a))] -> cint(int & 'a))

r_length: ∀'a. (vec[int(i(int & 'a))] -> cint(int & 'a)) & (p(chr) | vec[int(i(int & 'a))] -> c_int)

my_length: ∀'a. (vec[int(i(int & 'a))] -> cint(int & 'a)) & (p(chr) | vec[int(i(int & 'a))] -> c_int)

raw_length: ∀'a. (vec[int(i(int & 'a))] -> cint(int & 'a)) & (p(chr) | vec[int(i(int & 'a))] -> c_int)

