alloc_int_literal: ∀'a. (cint(int & 'a) -> int[int(i(int & 'a))])<...>

alloc_int_enum: ∀'a. (cint(int & 'a) -> int[int(i(int & 'a))])<...>

alloc_double_define: ∀'a. (cint(int & 'a) -> dbl[int(i(int & 'a))])<...>

alloc_oob:
untypeable: untypeable application
function: ((list, 'I21) -> list) & ((prim & 'I22, cint(int & 'I21)) -> v[int(i(int & 'I21))]('I22))
argument: c(99), 'I18
