Rf_xlength: ∀'a. (chr -> c_int) & (vec[int(i(int & 'a))] -> cint(int & 'a))

r_length: ∀'a. (vec[int(i(int & 'a))] -> cint(int & 'a)) & (chr | vec[int(i(int & 'a))] -> c_int)

my_length: ∀'a. (vec[int(i(int & 'a))] -> cint(int & 'a)) & (chr | vec[int(i(int & 'a))] -> c_int)

raw_length: ∀'a. (vec[int(i(int & 'a))] -> cint(int & 'a)) & (chr | vec[int(i(int & 'a))] -> c_int)

