Rf_xlength: ∀'a. (t(p(chr)) -> c_int) & (t(vec[int(i(int & 'a))]) -> cint(int & 'a))

r_length: ∀'a. (t(vec[int(i(int & 'a))]) -> cint(int & 'a)) & (t(p(chr) | vec[int(i(int & 'a))]) -> c_int)

my_length: ∀'a. (t(vec[int(i(int & 'a))]) -> cint(int & 'a)) & (t(p(chr) | vec[int(i(int & 'a))]) -> c_int)

raw_length: ∀'a. (t(vec[int(i(int & 'a))]) -> cint(int & 'a)) & (t(p(chr) | vec[int(i(int & 'a))]) -> c_int)

