Not supported yet: top level item
Prep_incl (
  (
    "#include"
    System_lib_str "<Rinternals.h>"
    "\n"
  )
)
change_int: ∀'a. ('a & int) -> 'a & int

errorIntScalar: (int1) -> ()

make_scalar: () -> int1

isIntScalar: ((int1) -> c_true) & ((int[^(int \ 1)]) | (vec[^(int \ 1)] & ~int) | (vec1 & ~int) -> c_false)

check: () -> c_false

incr: (int1) -> int1

isFunction: ((any -> any) -> c_true) & ((vec | null | sym | {  ... } | lang | env) -> c_false)

isPrimitive: ((any -> any) -> c_true) & ((lang | {  ... } | null | sym | env | vec) -> c_false)

isList: ((vec | env | sym | {  ... } | (any -> any)) -> c_false) & ((vec & ~raw & ~lgl & ~chr & ~dbl & ~clx & ~int | null) | (lang) -> c_true)

isNewList: ((sym | vec | lang | (any -> any) | env) -> c_false) & ((vec & ~lgl & ~dbl & ~int & ~clx & ~raw & ~chr | null) | ({  ... }) -> c_true)

