Not supported yet: top level item
Prep_incl (
  (
    "#include"
    System_lib_str "<Rinternals.h>"
    "\n"
  )
)
change_int: ∀'a. ('a & int) -> 'a & int

errorIntScalar: (int1) -> ()

make_scalar: () -> int1

isIntScalar: ((int1) -> c_true) & ((int[^(int \ 1)]) | (vec[^(int \ 1)] & ~int) | (vec1 & ~int) -> c_false)

check: () -> c_false

incr: (int1) -> int1

isFunction: ((any -> any) -> c_true) & ((sym | env | vec | null | list | lang) -> c_false)

isPrimitive: ((any -> any) -> c_true) & ((lang | env | list | null | vec | sym) -> c_false)

isList: (((any -> any) | env | list | vec | sym) -> c_false) & ((null) | (lang) -> c_true)

isNewList: (((any -> any) | env | sym | vec | lang) -> c_false) & ((null) | (list) -> c_true)

