Not supported yet: top level item
Prep_incl (
  (
    "#include"
    System_lib_str "<Rinternals.h>"
    "\n"
  )
)
change_int: ∀'a. ('a & int) -> 'a & int

errorIntScalar: (int1) -> ()

make_scalar: () -> int1

isIntScalar: ((int1) -> c_true) & ((int[^((..0) | (2..))]) | (vec[^((..0) | (2..))] & ~int) | (vec1 & ~int) -> c_false)

check: () -> c_false

incr: (int1) -> int1

isFunction: ((any -> any) -> c_true) & ((vec | list | sym | null | env | lang) -> c_false)

isPrimitive: ((any -> any) -> c_true) & ((null | lang | sym | env | list | vec) -> c_false)

isList: ((list | sym | env | vec | (any -> any)) -> c_false) & ((null) | (lang) -> c_true)

isNewList: ((lang | vec | (any -> any) | sym | env) -> c_false) & ((null) | (list) -> c_true)

