create_str_from_c_string: () -> "hello"

create_str_from_chr: () -> "world"

create_str_from_concat: () -> "hello world"

get_c_string_from_str: (chr[^(int \ 0)] -> c_string \ c_null) & (chr0 | v0(clx | dbl | int | lgl | raw) | v[^(int \ 0)](clx | dbl | int | lgl | raw) -> c_null)

is_blank_string: (^(chr \ "") -> c_false) & ("" | null -> c_true)

to_char: ∀'a,'b. ((env | externalptr | lang | list | null | v0('b) | (any -> any)) & 'a | 'a & 'b & (chr | (env | externalptr | lang | list | null | v0('b) | (any -> any))) -> na_string | 'b) & (chr & 'a -> 'a) & ((env | externalptr | lang | list | null | sym | vec0 | vec[^(1..)] | (any -> any)) & 'a -> chr) & ((env | externalptr | lang | list | null | vec0 | (any -> any)) & 'a -> na_string)

make_url_names: () -> chr9

R_parse: (chr, any_sexp) | (env | externalptr | lang | list | null | sym | vec0 | vec[^(1..)] | (any -> any), any_sexp) -> ()

