Not supported yet: top level item
Prep_incl (
  (
    "#include"
    System_lib_str "<Rinternals.h>"
    "\n"
  )
)
isInteger2: (((any -> any) | list | lang | v(chr | clx | dbl | lgl | raw) | sym | env | null) -> c_false) & ((int) -> c_true)

isInteger3: ((env | null | sym | (any -> any) | list | lang | v(chr | clx | dbl | lgl | raw)) -> c_false) & ((int) -> c_true)

checkList: ((list) -> c_true) & ((sym | lang | null | vec | (any -> any) | env) -> c_false)

isVectorList: ((list) -> c_true) & ((sym | (any -> any) | vec | env | lang | null) -> c_false)

length2: ∀'a. ((vec[int(i('a & int))]) -> cint('a & int)) & ((null) -> c_false) & ((env) | (sym | (any -> any) | lang) -> c_int)

length3: ∀'a. ((lgl[int(i('a & int))]) | (int[int(i('a & int))]) | (dbl[int(i('a & int))]) | (clx[int(i('a & int))]) | (chr[int(i('a & int))]) | (raw[int(i('a & int))]) -> cint('a & int)) & (((any -> any) | env | sym | lang | list) -> c_true) & ((null) -> c_false)

