Not supported yet: top level item
Prep_incl (
  (
    "#include"
    System_lib_str "<Rinternals.h>"
    "\n"
  )
)
isInteger2: (((any -> any) | lang | env | list | v(chr | clx | dbl | lgl | raw) | sym | null) -> c_false) & ((int) -> c_true)

isInteger3: ((null | sym | list | v(chr | clx | dbl | lgl | raw) | env | (any -> any) | lang) -> c_false) & ((int) -> c_true)

checkList: ((list) -> c_true) & (((any -> any) | vec | env | null | lang | sym) -> c_false)

isVectorList: ((list) -> c_true) & ((vec | lang | env | sym | (any -> any) | null) -> c_false)

length2: ∀'a. ((vec[int(i('a & int))]) -> cint('a & int)) & ((null) -> c_false) & ((env) | (lang | (any -> any) | sym) -> c_int)

length3: ∀'a. ((lgl[int(i('a & int))]) | (int[int(i('a & int))]) | (dbl[int(i('a & int))]) | (clx[int(i('a & int))]) | (chr[int(i('a & int))]) | (raw[int(i('a & int))]) -> cint('a & int)) & ((list | env | sym | (any -> any) | lang) -> c_true) & ((null) -> c_false)

